<html>
<body>
<pre>
<h1>µVision Build Log</h1>
<h2>Tool Versions:</h2>
IDE-Version: µVision V5.26.2.0
Copyright (C) 2018 ARM Ltd and ARM Germany GmbH. All rights reserved.
License Information: Sinout Shenouda, AUC, LIC=----
 
Tool Versions:
Toolchain:       MDK-Lite  Version: 5.26.2.0
Toolchain Path:  C:\Keil_v5\ARM\ARMCC\Bin
C Compiler:      Armcc.exe V5.06 update 6 (build 750)
Assembler:       Armasm.exe V5.06 update 6 (build 750)
Linker/Locator:  ArmLink.exe V5.06 update 6 (build 750)
Library Manager: ArmAr.exe V5.06 update 6 (build 750)
Hex Converter:   FromElf.exe V5.06 update 6 (build 750)
CPU DLL:         SARMCM3.DLL V5.26.2.0
Dialog DLL:      DCM.DLL V1.17.2.0
Target DLL:      STLink\ST-LINKIII-KEIL_SWO.dll V3.0.5.0
Dialog DLL:      TCM.DLL V1.36.1.0
 
<h2>Project:</h2>
C:\Users\melsaqa\Downloads\EmbeddedProject\EmbeddedProject\MDK-ARM\lab4.uvprojx
Project File Date:  05/27/2023

<h2>Output:</h2>
*** Using Compiler 'V5.06 update 6 (build 750)', folder: 'C:\Keil_v5\ARM\ARMCC\Bin'
Build target 'lab4'
assembling startup_stm32l432xx.s...
compiling main.c...
../Inc/liquidcrystal_i2c.h.txt(61): warning:  #1295-D: Deprecated declaration HD44780_Clear - give arg types
  void HD44780_Clear();
../Inc/liquidcrystal_i2c.h.txt(62): warning:  #1295-D: Deprecated declaration HD44780_Home - give arg types
  void HD44780_Home();
../Inc/liquidcrystal_i2c.h.txt(63): warning:  #1295-D: Deprecated declaration HD44780_NoDisplay - give arg types
  void HD44780_NoDisplay();
../Inc/liquidcrystal_i2c.h.txt(64): warning:  #1295-D: Deprecated declaration HD44780_Display - give arg types
  void HD44780_Display();
../Inc/liquidcrystal_i2c.h.txt(65): warning:  #1295-D: Deprecated declaration HD44780_NoBlink - give arg types
  void HD44780_NoBlink();
../Inc/liquidcrystal_i2c.h.txt(66): warning:  #1295-D: Deprecated declaration HD44780_Blink - give arg types
  void HD44780_Blink();
../Inc/liquidcrystal_i2c.h.txt(67): warning:  #1295-D: Deprecated declaration HD44780_NoCursor - give arg types
  void HD44780_NoCursor();
../Inc/liquidcrystal_i2c.h.txt(68): warning:  #1295-D: Deprecated declaration HD44780_Cursor - give arg types
  void HD44780_Cursor();
../Inc/liquidcrystal_i2c.h.txt(69): warning:  #1295-D: Deprecated declaration HD44780_ScrollDisplayLeft - give arg types
  void HD44780_ScrollDisplayLeft();
../Inc/liquidcrystal_i2c.h.txt(70): warning:  #1295-D: Deprecated declaration HD44780_ScrollDisplayRight - give arg types
  void HD44780_ScrollDisplayRight();
../Inc/liquidcrystal_i2c.h.txt(71): warning:  #1295-D: Deprecated declaration HD44780_PrintLeft - give arg types
  void HD44780_PrintLeft();
../Inc/liquidcrystal_i2c.h.txt(72): warning:  #1295-D: Deprecated declaration HD44780_PrintRight - give arg types
  void HD44780_PrintRight();
../Inc/liquidcrystal_i2c.h.txt(73): warning:  #1295-D: Deprecated declaration HD44780_LeftToRight - give arg types
  void HD44780_LeftToRight();
../Inc/liquidcrystal_i2c.h.txt(74): warning:  #1295-D: Deprecated declaration HD44780_RightToLeft - give arg types
  void HD44780_RightToLeft();
../Inc/liquidcrystal_i2c.h.txt(75): warning:  #1295-D: Deprecated declaration HD44780_ShiftIncrement - give arg types
  void HD44780_ShiftIncrement();
../Inc/liquidcrystal_i2c.h.txt(76): warning:  #1295-D: Deprecated declaration HD44780_ShiftDecrement - give arg types
  void HD44780_ShiftDecrement();
../Inc/liquidcrystal_i2c.h.txt(77): warning:  #1295-D: Deprecated declaration HD44780_NoBacklight - give arg types
  void HD44780_NoBacklight();
../Inc/liquidcrystal_i2c.h.txt(78): warning:  #1295-D: Deprecated declaration HD44780_Backlight - give arg types
  void HD44780_Backlight();
../Inc/liquidcrystal_i2c.h.txt(79): warning:  #1295-D: Deprecated declaration HD44780_AutoScroll - give arg types
  void HD44780_AutoScroll();
../Inc/liquidcrystal_i2c.h.txt(80): warning:  #1295-D: Deprecated declaration HD44780_NoAutoScroll - give arg types
  void HD44780_NoAutoScroll();
../Inc/liquidcrystal_i2c.h.txt(88): warning:  #1-D: last line of file ends without a newline
  #endif /* LIQUIDCRYSTAL_I2C_H_ */
../Src/main.c(320): warning:  #177-D: variable "msg"  was declared but never referenced
  	char msg[] = "\r\n Alarm ";
../Src/main.c: 22 warnings, 0 errors
linking...
Program Size: Code=16108 RO-data=516 RW-data=48 ZI-data=1440  
FromELF: creating hex file...
"lab4\lab4.axf" - 0 Error(s), 22 Warning(s).

<h2>Software Packages used:</h2>

Package Vendor: ARM
                http://www.keil.com/pack/ARM.CMSIS.5.9.0.pack
                ARM.CMSIS.5.9.0
                CMSIS (Common Microcontroller Software Interface Standard)
   * Component: CORE Version: 5.6.0

Package Vendor: Keil
                http://www.keil.com/pack/Keil.STM32L4xx_DFP.2.5.0.pack
                Keil.STM32L4xx_DFP.2.5.0
                STMicroelectronics STM32L4 Series Device Support, Drivers and Examples

<h2>Collection of Component include folders:</h2>
  .\RTE\_lab4
  C:\Keil_v5\ARM\PACK\ARM\CMSIS\5.9.0\CMSIS\Core\Include
  C:\Keil_v5\ARM\PACK\Keil\STM32L4xx_DFP\2.5.0\Drivers\CMSIS\Device\ST\STM32L4xx\Include

<h2>Collection of Component Files used:</h2>

   * Component: ARM::CMSIS:CORE:5.6.0
Build Time Elapsed:  00:00:03
</pre>
</body>
</html>
